// Jest Snapshot v1, https://goo.gl/fbAQLP

exports[`App renders correctly 1`] = `
<div
  className="container"
>
  <div
    className="jumbotron jumbotron-fluid mt-5"
  >
    <div
      className="container"
    >
      <h1
        className="display-4 text-warning"
      >
        Repo searcher
      </h1>
      <p
        className="lead"
      >
        Enter the topic that interests you.
      </p>
    </div>
  </div>
  <SearchForm
    fetchRepos={[Function]}
    onChange={[Function]}
  />
  <ReposList />
  <Connect(SavedRepos) />
</div>
`;
